#-----------------------------------------------------------
# Vivado v2018.2 (64-bit)
# SW Build 2258646 on Thu Jun 14 20:03:12 MDT 2018
# IP Build 2256618 on Thu Jun 14 22:10:49 MDT 2018
# Start of session at: Sat Apr 20 14:22:10 2019
# Process ID: 8404
# Current directory: C:/konkurs/waveforms
# Command line: vivado.exe -gui_launcher_event rodinguilauncherevent1068 C:\konkurs\waveforms\klt_640x480_round.wdb
# Log file: C:/konkurs/waveforms/vivado.log
# Journal file: C:/konkurs/waveforms\vivado.jou
#-----------------------------------------------------------
start_gui
open_wave_database {C:\konkurs\waveforms\klt_640x480_round.wdb}
add_wave {{/tb_klt/rx_pclk}} {{/tb_klt/rx_de}} {{/tb_klt/rx_hsync}} {{/tb_klt/rx_vsync}} {{/tb_klt/rx_red}} {{/tb_klt/rx_green}} {{/tb_klt/rx_blue}} {{/tb_klt/klt_tracker_out}} {{/tb_klt/context_valid}} {{/tb_klt/center}} {{/tb_klt/centerpx}} {{/tb_klt/x_pos}} {{/tb_klt/y_pos}} {{/tb_klt/dx_valid}} {{/tb_klt/point_x0}} {{/tb_klt/point_y0}} {{/tb_klt/in_roi}} {{/tb_klt/in_extended_roi}} {{/tb_klt/prev_frame_pixel}} {{/tb_klt/G11}} {{/tb_klt/G12}} {{/tb_klt/G21}} {{/tb_klt/G22}} {{/tb_klt/b1}} {{/tb_klt/b2}} {{/tb_klt/ed_minus_bf}} {{/tb_klt/af_minus_ec}} {{/tb_klt/ad_minus_bc}} {{/tb_klt/dx}} {{/tb_klt/dy}} {{/tb_klt/write_addr_test}} {{/tb_klt/read_addr_test}} {{/tb_klt/read_offset}} {{/tb_klt/delta_x0}} {{/tb_klt/delta_y0}} {{/tb_klt/center_vsync}} {{/tb_klt/first_frame}} {{/tb_klt/latched_x0}} {{/tb_klt/latched_y0}} 
close_sim
