#-----------------------------------------------------------
# Vivado v2018.2 (64-bit)
# SW Build 2258646 on Thu Jun 14 20:03:12 MDT 2018
# IP Build 2256618 on Thu Jun 14 22:10:49 MDT 2018
# Start of session at: Fri Apr  5 11:38:39 2019
# Process ID: 15780
# Current directory: C:/konkurs/vivado_projekty/klt_pyramid/klt_pyramid.sim/sim_1/behav/xsim
# Command line: vivado.exe -gui_launcher_event rodinguilauncherevent20416 C:\konkurs\vivado_projekty\klt_pyramid\klt_pyramid.sim\sim_1\behav\xsim\tb_pyramid_behav.wdb
# Log file: C:/konkurs/vivado_projekty/klt_pyramid/klt_pyramid.sim/sim_1/behav/xsim/vivado.log
# Journal file: C:/konkurs/vivado_projekty/klt_pyramid/klt_pyramid.sim/sim_1/behav/xsim\vivado.jou
#-----------------------------------------------------------
start_gui
open_wave_database {C:\konkurs\vivado_projekty\klt_pyramid\klt_pyramid.sim\sim_1\behav\xsim\tb_pyramid_behav.wdb}
add_wave {{/tb_pyramid/rx_vsync}} 
current_wave_config {Untitled 1}
add_wave {{/tb_pyramid/dx}} 
current_wave_config {Untitled 1}
add_wave {{/tb_pyramid/dy}} 
current_wave_config {Untitled 1}
add_wave {{/tb_pyramid/dx_valid}} 
current_wave_config {Untitled 1}
add_wave {{/tb_pyramid/point_x0}} 
current_wave_config {Untitled 1}
add_wave {{/tb_pyramid/point_y0}} 
close_sim
