#-----------------------------------------------------------
# Vivado v2018.2 (64-bit)
# SW Build 2258646 on Thu Jun 14 20:03:12 MDT 2018
# IP Build 2256618 on Thu Jun 14 22:10:49 MDT 2018
# Start of session at: Mon Apr 29 20:23:26 2019
# Process ID: 10724
# Current directory: C:/konkurs/vivado_projekty/klt_pyramid
# Command line: vivado.exe -gui_launcher_event rodinguilauncherevent13308 C:\konkurs\vivado_projekty\klt_pyramid\klt_pyramid.xpr
# Log file: C:/konkurs/vivado_projekty/klt_pyramid/vivado.log
# Journal file: C:/konkurs/vivado_projekty/klt_pyramid\vivado.jou
#-----------------------------------------------------------
start_gui
open_project C:/konkurs/vivado_projekty/klt_pyramid/klt_pyramid.xpr
update_compile_order -fileset sources_1
launch_simulation
source tb_720p.tcl
ipx::package_project -root_dir C:/konkurs/KLT_van -vendor nsn-intra.net -library user -taxonomy /UserIP -import_files -set_current false
ipx::unload_core c:/konkurs/KLT_van/component.xml
ipx::edit_ip_in_project -upgrade true -name tmp_edit_project -directory C:/konkurs/KLT_van c:/konkurs/KLT_van/component.xml
update_compile_order -fileset sources_1
set_property previous_version_for_upgrade nsn-intra.net:user:klt_tracker:1.0 [ipx::current_core]
set_property core_revision 1 [ipx::current_core]
ipx::create_xgui_files [ipx::current_core]
ipx::update_checksums [ipx::current_core]
ipx::save_core [ipx::current_core]
ipx::move_temp_component_back -component [ipx::current_core]
close_project -delete
set_property  ip_repo_paths  {c:/konkurs/KLT_van c:/konkurs/KLT_sim c:/konkurs/IP_repo/bbox21 c:/konkurs/KLT c:/konkurs/IP_repo/klt_1650 c:/konkurs/IP_repo/split_rgb c:/konkurs/IP_repo/klt_tracker_w10b2_v2 c:/konkurs/IP_repo/rgb2ycbcr} [current_project]
update_ip_catalog
open_project C:/konkurs-v/vivado_projekty/tor_wizyjny/tor_wizyjny.xpr
update_compile_order -fileset sources_1
launch_sdk -workspace C:/konkurs-v/vivado_projekty/tor_wizyjny/tor_wizyjny.sdk -hwspec C:/konkurs-v/vivado_projekty/tor_wizyjny/tor_wizyjny.sdk/design_1_wrapper.hdf
open_bd_design {C:/konkurs-v/vivado_projekty/tor_wizyjny/tor_wizyjny.srcs/sources_1/bd/design_1/design_1.bd}
delete_bd_objs [get_bd_nets xlconstant_4_dout] [get_bd_nets xlconstant_3_dout] [get_bd_nets rgb2ycbcr_0_y] [get_bd_nets KLT_sim_0_point_x0] [get_bd_nets KLT_sim_0_point_y0] [get_bd_cells KLT_sim_0]
set_property  ip_repo_paths  {c:/konkurs-v/ip_repo/parameter_register/parameter_register_1.0 c:/konkurs-v/hdmi_vga_ip_repo c:/konkurs-v/IP_repo C:/konkurs/KLT_van} [current_project]
current_project klt_pyramid
update_ip_catalog
current_project tor_wizyjny
update_ip_catalog -rebuild -scan_changes
report_ip_status -name ip_status
current_project klt_pyramid
current_project tor_wizyjny
create_bd_cell -type ip -vlnv ja:user:KLT_van:1.0 KLT_van_0
set_property location {8 2330 231} [get_bd_cells KLT_van_0]
connect_bd_net [get_bd_pins xlconstant_4/dout] [get_bd_pins KLT_van_0/enable_tracking]
connect_bd_net [get_bd_pins xlconstant_3/dout] [get_bd_pins KLT_van_0/reset_position]
set_property location {8 2250 403} [get_bd_cells KLT_van_0]
set_property location {4 1028 2193} [get_bd_cells KLT_van_0]
set_property location {5 1523 1809} [get_bd_cells KLT_van_0]
connect_bd_net [get_bd_pins KLT_van_0/rx_pclk] [get_bd_pins dvi2rgb_0/PixelClk]
connect_bd_net [get_bd_pins KLT_van_0/rx_de] [get_bd_pins rgb2ycbcr_0/de_out]
connect_bd_net [get_bd_pins KLT_van_0/rx_hsync] [get_bd_pins rgb2ycbcr_0/h_sync_out]
connect_bd_net [get_bd_pins KLT_van_0/rx_vsync] [get_bd_pins rgb2ycbcr_0/v_sync_out]
connect_bd_net [get_bd_pins KLT_van_0/pixel_in] [get_bd_pins rgb2ycbcr_0/y]
connect_bd_net [get_bd_pins KLT_van_0/point_x0] [get_bd_pins bbox21_0/point_x0]
connect_bd_net [get_bd_pins KLT_van_0/point_y0] [get_bd_pins bbox21_0/point_y0]
regenerate_bd_layout
save_bd_design
reset_run synth_1
launch_runs impl_1 -to_step write_bitstream -jobs 2
