#-----------------------------------------------------------
# Vivado v2018.2 (64-bit)
# SW Build 2258646 on Thu Jun 14 20:02:38 MDT 2018
# IP Build 2256618 on Thu Jun 14 22:10:49 MDT 2018
# Start of session at: Tue Apr  2 14:44:09 2019
# Process ID: 9411
# Current directory: /home/vision/Documents/Vivado/2018.2_Projects/mainVideoProcessing_Zybo-Z20/mainVideoProcessing_Zybo-Z20.runs/mainBlockDesign_xlconstant_0_0_synth_1
# Command line: vivado -log mainBlockDesign_xlconstant_0_0.vds -product Vivado -mode batch -messageDb vivado.pb -notrace -source mainBlockDesign_xlconstant_0_0.tcl
# Log file: /home/vision/Documents/Vivado/2018.2_Projects/mainVideoProcessing_Zybo-Z20/mainVideoProcessing_Zybo-Z20.runs/mainBlockDesign_xlconstant_0_0_synth_1/mainBlockDesign_xlconstant_0_0.vds
# Journal file: /home/vision/Documents/Vivado/2018.2_Projects/mainVideoProcessing_Zybo-Z20/mainVideoProcessing_Zybo-Z20.runs/mainBlockDesign_xlconstant_0_0_synth_1/vivado.jou
#-----------------------------------------------------------
source mainBlockDesign_xlconstant_0_0.tcl -notrace
